// Jest Snapshot v1, https://goo.gl/fbAQLP

exports[`<Menu> should render the menu tree 1`] = `
<DocumentFragment>
  <div
    class="menustyled__Wrapper-sc-1w2gtcj-0 forCfl"
  >
    <div
      class="menustyled__NavGroup-sc-1w2gtcj-1 hhvDAC"
    >
      <ul
        class="menustyled__List-sc-1w2gtcj-3 SbUye"
      >
        <li
          class="menustyled__Item-sc-1w2gtcj-4 eLeyXu"
        >
          <a
            class=""
            href="/"
          >
            Getting started
          </a>
        </li>
        <li
          class="menustyled__Item-sc-1w2gtcj-4 eLeyXu"
        >
          <a
            class=""
            href="/configure"
          >
            Configure
          </a>
        </li>
        <li
          class="menustyled__Item-sc-1w2gtcj-4 eLeyXu"
        >
          <a
            href="https://github.com/Maycon-Santos/static-doc"
            rel="noreferrer"
            target="_blank"
          >
            <img
              alt=""
              class="menustyled__Icon-sc-1w2gtcj-5 dDUODx"
              src="/assets/L2hvbWUvbWF5Y29uc2FudG9zL2Rldi9teS1wcm9qZWN0cy9zdGF0aWMtZG9jL2RvY3MvYXNzZXRzL2dpdGh1Yi1pY29uLWxpZ2h0LnN2Zw==.svg"
            />
            GithubÂ 
            <external-link-icon.svg />
          </a>
        </li>
      </ul>
    </div>
    <div
      class="menustyled__NavGroup-sc-1w2gtcj-1 hhvDAC"
    >
      <h4
        class="menustyled__NavName-sc-1w2gtcj-2 jVVrRq"
      >
        Customize
      </h4>
      <ul
        class="menustyled__List-sc-1w2gtcj-3 SbUye"
      >
        <li
          class="menustyled__Item-sc-1w2gtcj-4 eLeyXu"
        >
          <a
            class=""
            href="/Customize/theme"
          >
            Theme
          </a>
        </li>
        <li
          class="menustyled__Item-sc-1w2gtcj-4 eLeyXu"
        >
          <a
            class=""
            href="/Customize/custom-components"
          >
            Custom components
          </a>
        </li>
        <li
          class="menustyled__Item-sc-1w2gtcj-4 eLeyXu"
        >
          <a
            class=""
            href="/Customize/error-page"
          >
            error page
          </a>
        </li>
      </ul>
    </div>
  </div>
</DocumentFragment>
`;
